// Jest Snapshot v1, https://goo.gl/fbAQLP

exports[`This is Sign up test should render correctly in "debug" mode 1`] = `
<Form
  hideRequiredMark={false}
  layout="horizontal"
  onSubmit={[Function]}
  prefixCls="ant-form"
>
  <h1
    className="text-center font-weight-light mb-4"
  >
    Sign Up
  </h1>
  <Name
    form={
      Object {
        "getFieldDecorator": [Function],
        "getFieldError": [Function],
        "getFieldInstance": [Function],
        "getFieldProps": [Function],
        "getFieldValue": [Function],
        "getFieldsError": [Function],
        "getFieldsValue": [Function],
        "isFieldTouched": [Function],
        "isFieldValidating": [Function],
        "isFieldsTouched": [Function],
        "isFieldsValidating": [Function],
        "isSubmitting": [Function],
        "resetFields": [Function],
        "setFields": [Function],
        "setFieldsInitialValue": [Function],
        "setFieldsValue": [Function],
        "submit": [Function],
        "validateFields": [Function],
        "validateFieldsAndScroll": [Function],
      }
    }
  />
  <Email
    form={
      Object {
        "getFieldDecorator": [Function],
        "getFieldError": [Function],
        "getFieldInstance": [Function],
        "getFieldProps": [Function],
        "getFieldValue": [Function],
        "getFieldsError": [Function],
        "getFieldsValue": [Function],
        "isFieldTouched": [Function],
        "isFieldValidating": [Function],
        "isFieldsTouched": [Function],
        "isFieldsValidating": [Function],
        "isSubmitting": [Function],
        "resetFields": [Function],
        "setFields": [Function],
        "setFieldsInitialValue": [Function],
        "setFieldsValue": [Function],
        "submit": [Function],
        "validateFields": [Function],
        "validateFieldsAndScroll": [Function],
      }
    }
  />
  <Password
    form={
      Object {
        "getFieldDecorator": [Function],
        "getFieldError": [Function],
        "getFieldInstance": [Function],
        "getFieldProps": [Function],
        "getFieldValue": [Function],
        "getFieldsError": [Function],
        "getFieldsValue": [Function],
        "isFieldTouched": [Function],
        "isFieldValidating": [Function],
        "isFieldsTouched": [Function],
        "isFieldsValidating": [Function],
        "isSubmitting": [Function],
        "resetFields": [Function],
        "setFields": [Function],
        "setFieldsInitialValue": [Function],
        "setFieldsValue": [Function],
        "submit": [Function],
        "validateFields": [Function],
        "validateFieldsAndScroll": [Function],
      }
    }
  />
  <Button
    block={true}
    className="btn btn-primary mb-2"
    ghost={false}
    htmlType="submit"
    loading={false}
    prefixCls="ant-btn"
  >
    Sign Up
  </Button>
  <withRouter(Connect(ErrorBoundary))>
    <ErrorThrower
      errorInfos={
        Object {
          "hasErrors": false,
        }
      }
      errorMessage="Crushed in sign up"
    />
  </withRouter(Connect(ErrorBoundary))>
  <Link
    replace={false}
    to="/login"
  >
    Back to login
  </Link>
</Form>
`;
